[2025-04-27 23:47:26,794][__main__][INFO] - Hydra output directory: /home4/s5185491/third-copy/comparison_results/multirun/2025-04-27_23-16-20/8_base_dir=/home4/s5185491/third-copy,data=no2_only,model=temporal_only_gru
[2025-04-27 23:47:26,795][__main__][INFO] - Configuration:
data:
  only_no2: true
  num_vars: 1
  cache_file: no2_dataset_cache.pkl
  force_reload: false
  sample_size: 1.0
  shuffle: true
  ratio:
  - 0.7
  - 0.15
  - 0.15
model:
  _target_: src.graph_modelling.models.temporalonlygnn.TemporalOnlyGRU
  hidden_channels: 32
seed: 34
base_dir: /home4/s5185491/third-copy
results_subdir: comparison_results
training:
  n_lags: 72
  n_horizon: 24
  batch_size: 16
  n_step: 24
  n_epochs: 150
  patience: 5
paths:
  model_save_name: final_model.pt
  history_save_name: training_history.json
  metrics_save_name: test_metrics.json
  tensorboard_subdir: tensorboard_logs
  plot_subdir: plots

[2025-04-27 23:47:26,801][__main__][INFO] - Using device: cuda
[2025-04-27 23:47:26,801][__main__][INFO] - Initializing dataset loader...
[2025-04-27 23:47:26,817][__main__][INFO] - Loading dataset with lags=72, horizon=24...
[2025-04-27 23:47:26,819][__main__][INFO] - Train batches: 39, Val batches: 9, Test batches: 9
[2025-04-27 23:47:26,819][__main__][INFO] - Initializing model: TemporalOnlyGRU with no2_only data
[2025-04-27 23:47:27,850][__main__][INFO] - Model:
TemporalOnlyGRU(
  (gru): GRU(1, 32, batch_first=True)
  (output_layer): Linear(in_features=32, out_features=24, bias=True)
)
[2025-04-27 23:47:27,850][__main__][INFO] - Starting training for TemporalOnlyGRU_no2_only...
[2025-04-27 23:47:38,897][__main__][INFO] - Training history saved to /home4/s5185491/third-copy/comparison_results/multirun/2025-04-27_23-16-20/8_base_dir=/home4/s5185491/third-copy,data=no2_only,model=temporal_only_gru/training_history.json
[2025-04-27 23:47:39,274][__main__][INFO] - Training history plot created for TemporalOnlyGRU_no2_only
[2025-04-27 23:47:39,274][__main__][INFO] - Starting evaluation for TemporalOnlyGRU_no2_only...
[2025-04-27 23:47:41,149][__main__][INFO] - Test Loss for TemporalOnlyGRU_no2_only: 0.0045
[2025-04-27 23:47:41,149][__main__][INFO] - Test metrics for TemporalOnlyGRU_no2_only - MSE: 0.0045, RMSE: 0.0669, MAE: 0.0563
[2025-04-27 23:47:41,154][__main__][INFO] - Test metrics saved to /home4/s5185491/third-copy/comparison_results/multirun/2025-04-27_23-16-20/8_base_dir=/home4/s5185491/third-copy,data=no2_only,model=temporal_only_gru/test_metrics.json
[2025-04-27 23:47:41,155][__main__][INFO] - Successfully denormalized predictions and targets
[2025-04-27 23:47:43,148][__main__][INFO] - Prediction plots and detailed metrics created with per-city RMSE
[2025-04-27 23:47:43,155][__main__][INFO] - Final model saved to /home4/s5185491/third-copy/comparison_results/multirun/2025-04-27_23-16-20/8_base_dir=/home4/s5185491/third-copy,data=no2_only,model=temporal_only_gru/final_model.pt
[2025-04-27 23:47:43,156][submitit][INFO] - Job completed successfully
[2025-04-27 23:47:43,165][submitit][INFO] - Exiting after successful completion
