[2025-04-27 23:46:48,741][__main__][INFO] - Hydra output directory: /home4/s5185491/third-copy/comparison_results/multirun/2025-04-27_23-16-20/7_base_dir=/home4/s5185491/third-copy,data=all_vars,model=spatial_only_gcn
[2025-04-27 23:46:48,743][__main__][INFO] - Configuration:
data:
  only_no2: false
  num_vars: 7
  cache_file: no2_dataset_cache.pkl
  force_reload: false
  sample_size: 1.0
  shuffle: true
  ratio:
  - 0.7
  - 0.15
  - 0.15
model:
  _target_: src.graph_modelling.models.spatialonlygnn.SpatialOnlyGCN
  K: 1
  hidden_channels: 32
seed: 34
base_dir: /home4/s5185491/third-copy
results_subdir: comparison_results
training:
  n_lags: 72
  n_horizon: 24
  batch_size: 16
  n_step: 24
  n_epochs: 150
  patience: 5
paths:
  model_save_name: final_model.pt
  history_save_name: training_history.json
  metrics_save_name: test_metrics.json
  tensorboard_subdir: tensorboard_logs
  plot_subdir: plots

[2025-04-27 23:46:48,747][__main__][INFO] - Using device: cuda
[2025-04-27 23:46:48,747][__main__][INFO] - Initializing dataset loader...
[2025-04-27 23:46:48,764][__main__][INFO] - Loading dataset with lags=72, horizon=24...
[2025-04-27 23:46:48,770][__main__][INFO] - Train batches: 39, Val batches: 9, Test batches: 9
[2025-04-27 23:46:48,770][__main__][INFO] - Initializing model: SpatialOnlyGCN with all_vars data
[2025-04-27 23:46:49,455][__main__][INFO] - Model:
SpatialOnlyGCN(
  (gcn1): ChebConv(7, 32, K=1, normalization=sym)
  (gcn2): ChebConv(32, 32, K=1, normalization=sym)
  (output_layer): Linear(in_features=32, out_features=24, bias=True)
)
[2025-04-27 23:46:49,456][__main__][INFO] - Starting training for SpatialOnlyGCN_all_vars...
[2025-04-27 23:47:07,722][__main__][INFO] - Training history saved to /home4/s5185491/third-copy/comparison_results/multirun/2025-04-27_23-16-20/7_base_dir=/home4/s5185491/third-copy,data=all_vars,model=spatial_only_gcn/training_history.json
[2025-04-27 23:47:08,116][__main__][INFO] - Training history plot created for SpatialOnlyGCN_all_vars
[2025-04-27 23:47:08,117][__main__][INFO] - Starting evaluation for SpatialOnlyGCN_all_vars...
[2025-04-27 23:47:10,047][__main__][INFO] - Test Loss for SpatialOnlyGCN_all_vars: 0.0052
[2025-04-27 23:47:10,047][__main__][INFO] - Test metrics for SpatialOnlyGCN_all_vars - MSE: 0.0052, RMSE: 0.0723, MAE: 0.0583
[2025-04-27 23:47:10,051][__main__][INFO] - Test metrics saved to /home4/s5185491/third-copy/comparison_results/multirun/2025-04-27_23-16-20/7_base_dir=/home4/s5185491/third-copy,data=all_vars,model=spatial_only_gcn/test_metrics.json
[2025-04-27 23:47:10,051][__main__][INFO] - Successfully denormalized predictions and targets
[2025-04-27 23:47:11,967][__main__][INFO] - Prediction plots and detailed metrics created with per-city RMSE
[2025-04-27 23:47:11,973][__main__][INFO] - Final model saved to /home4/s5185491/third-copy/comparison_results/multirun/2025-04-27_23-16-20/7_base_dir=/home4/s5185491/third-copy,data=all_vars,model=spatial_only_gcn/final_model.pt
[2025-04-27 23:47:11,975][submitit][INFO] - Job completed successfully
[2025-04-27 23:47:11,985][submitit][INFO] - Exiting after successful completion
