[2025-05-02 22:47:16,602][__main__][INFO] - Hydra output directory: /home/nick/bachelor-project/third-copy/comparison_results/2025-05-02/22-47-16
[2025-05-02 22:47:16,605][__main__][INFO] - Configuration:
data:
  only_no2: false
  num_vars: 7
  cache_file: no2_dataset_cache.pkl
  force_reload: false
  sample_size: 1.0
  shuffle: true
  ratio:
  - 0.7
  - 0.15
  - 0.15
  smooth_data: false
  smooth_window: 12
  use_time_split: true
  split_dates:
  - '2021-12-31'
  - '2022-12-31'
model:
  _target_: src.graph_modelling.models.attentiontemporalonlygnn.AttentionChebGRU
  hidden_channels: 32
seed: 34
base_dir: .
results_subdir: comparison_results
training:
  n_lags: 72
  n_horizon: 24
  batch_size: 16
  n_step: 24
  n_epochs: 1000
  patience: 15
track_energy: true
optuna:
  enabled: false
  study_name: no2_model_optimization
  storage: sqlite:///no2_models_optuna_4hrs.db
  n_trials: 100
  timeout: 21600
  direction: minimize
paths:
  model_save_name: final_model.pt
  history_save_name: training_history.json
  metrics_save_name: test_metrics.json
  tensorboard_subdir: tensorboard_logs
  plot_subdir: plots
  optuna_subdir: optuna_results

[2025-05-02 22:47:16,606][__main__][INFO] - Random seed set to 34
[2025-05-02 22:47:16,607][__main__][INFO] - Using device: cuda
[2025-05-02 22:47:16,607][__main__][INFO] - Initializing dataset loader...
[2025-05-02 22:47:16,618][__main__][INFO] - Loading dataset with lags=72, horizon=24...
[2025-05-02 22:47:16,618][__main__][INFO] - Using time-based split with dates: ('2021-12-31', '2022-12-31')
[2025-05-02 22:47:16,622][__main__][INFO] - Train batches: 38, Val batches: 10, Test batches: 8
[2025-05-02 22:47:16,622][__main__][INFO] - Initializing model: AttentionChebGRU with all_vars data
[2025-05-02 22:47:16,922][__main__][INFO] - Model:
AttentionChebGRU(
  (chebconv): GCNConv(7, 32)
  (gru): GRU(32, 32, batch_first=True)
  (temporal_attn): TemporalAttention(
    (attn): Linear(in_features=32, out_features=1, bias=True)
  )
  (output_layer): Linear(in_features=32, out_features=24, bias=True)
)
[2025-05-02 22:47:16,922][__main__][INFO] - Starting training for AttentionChebGRU_all_vars...
[2025-05-02 23:24:07,107][__main__][WARNING] - Training interrupted by user.
[2025-05-02 23:24:07,109][__main__][INFO] - Starting evaluation for AttentionChebGRU_all_vars...
