[2025-04-29 13:22:49,736][__main__][INFO] - Hydra output directory: /home/nick/bachelor-project/third-copy/comparison_results/multirun/2025-04-29_13-22-49/0_data=all_vars,model=spatial_only_gcn,training.n_epochs=10
[2025-04-29 13:22:49,738][__main__][INFO] - Configuration:
data:
  only_no2: false
  num_vars: 7
  cache_file: no2_dataset_cache.pkl
  force_reload: false
  sample_size: 1.0
  shuffle: true
  ratio:
  - 0.7
  - 0.15
  - 0.15
model:
  _target_: src.graph_modelling.models.spatialonlygnn.SpatialOnlyGCN
  K: 1
  hidden_channels: 32
seed: 34
base_dir: .
results_subdir: comparison_results
training:
  n_lags: 72
  n_horizon: 24
  batch_size: 16
  n_step: 24
  n_epochs: 10
  patience: 5
optuna:
  enabled: false
  study_name: no2_model_optimization
  storage: sqlite:///no2_models_optuna.db
  n_trials: 50
  timeout: 72000
  direction: minimize
paths:
  model_save_name: final_model.pt
  history_save_name: training_history.json
  metrics_save_name: test_metrics.json
  tensorboard_subdir: tensorboard_logs
  plot_subdir: plots
  optuna_subdir: optuna_results

[2025-04-29 13:22:49,740][__main__][INFO] - Using device: cuda
[2025-04-29 13:22:49,740][__main__][INFO] - Initializing dataset loader...
[2025-04-29 13:22:49,752][__main__][INFO] - Loading dataset with lags=72, horizon=24...
[2025-04-29 13:22:49,754][__main__][INFO] - Train batches: 39, Val batches: 9, Test batches: 9
[2025-04-29 13:22:49,755][__main__][INFO] - Initializing model: SpatialOnlyGCN with all_vars data
[2025-04-29 13:22:50,020][__main__][INFO] - Model:
SpatialOnlyGCN(
  (gcn1): ChebConv(7, 32, K=1, normalization=sym)
  (gcn2): ChebConv(32, 32, K=1, normalization=sym)
  (output_layer): Linear(in_features=32, out_features=24, bias=True)
)
[2025-04-29 13:22:50,020][__main__][INFO] - Starting training for SpatialOnlyGCN_all_vars...
[2025-04-29 13:22:52,681][__main__][INFO] - Training history saved to /home/nick/bachelor-project/third-copy/comparison_results/multirun/2025-04-29_13-22-49/0_data=all_vars,model=spatial_only_gcn,training.n_epochs=10/training_history.json
[2025-04-29 13:22:53,012][__main__][INFO] - Training history plot created for SpatialOnlyGCN_all_vars
[2025-04-29 13:22:53,013][__main__][INFO] - Starting evaluation for SpatialOnlyGCN_all_vars...
[2025-04-29 13:22:53,135][__main__][INFO] - Test Loss for SpatialOnlyGCN_all_vars: 0.0228
[2025-04-29 13:22:53,136][__main__][INFO] - Test metrics for SpatialOnlyGCN_all_vars - MSE: 0.0228, RMSE: 0.1509, MAE: 0.1198
[2025-04-29 13:22:53,136][__main__][INFO] - Successfully denormalized predictions and targets
[2025-04-29 13:22:54,595][__main__][INFO] - Prediction plots and detailed metrics created with per-city RMSE
[2025-04-29 13:22:54,597][__main__][INFO] - Final model saved to /home/nick/bachelor-project/third-copy/comparison_results/multirun/2025-04-29_13-22-49/0_data=all_vars,model=spatial_only_gcn,training.n_epochs=10/final_model.pt
