[2025-05-01 13:47:57,099][__main__][INFO] - Hydra output directory: /home/nick/bachelor-project/third-copy/comparison_results/multirun/2025-05-01_13-47-56/0_data=all_vars,model=a3tgcn,optuna.enabled=False,training.n_epochs=500
[2025-05-01 13:47:57,101][__main__][INFO] - Configuration:
data:
  only_no2: false
  num_vars: 7
  cache_file: no2_dataset_cache.pkl
  force_reload: false
  sample_size: 1.0
  shuffle: true
  ratio:
  - 0.7
  - 0.15
  - 0.15
  smooth_data: false
  smooth_window: 5
model:
  _target_: src.graph_modelling.models.a3tgcn.A3TGCN
  num_nodes: 3
  num_vars: 7
  timesteps: 72
  horizon: 24
  gcn_out_channels: 16
  add_self_loops: true
  improved: true
seed: 34
base_dir: .
results_subdir: comparison_results
training:
  n_lags: 72
  n_horizon: 24
  batch_size: 16
  n_step: 24
  n_epochs: 500
  patience: 5
track_energy: true
optuna:
  enabled: false
  study_name: no2_model_optimization
  storage: sqlite:///no2_models_optuna_4hrs.db
  n_trials: 100
  timeout: 21600
  direction: minimize
paths:
  model_save_name: final_model.pt
  history_save_name: training_history.json
  metrics_save_name: test_metrics.json
  tensorboard_subdir: tensorboard_logs
  plot_subdir: plots
  optuna_subdir: optuna_results

[2025-05-01 13:47:57,107][__main__][INFO] - Using device: cuda
[2025-05-01 13:47:57,107][__main__][INFO] - Initializing dataset loader...
[2025-05-01 13:47:57,125][__main__][INFO] - Loading dataset with lags=72, horizon=24...
[2025-05-01 13:47:57,133][__main__][INFO] - Train batches: 39, Val batches: 9, Test batches: 9
[2025-05-01 13:47:57,134][__main__][INFO] - Initializing model: A3TGCN with all_vars data
[2025-05-01 13:47:57,137][__main__][INFO] - Found matching study: no2_model_optimization_A3TGCN_all_vars_20250430_213010
[2025-05-01 13:47:57,779][__main__][INFO] - Found saved best parameters for A3TGCN_all_vars
[2025-05-01 13:47:57,791][__main__][INFO] - Using best parameters from saved study: {'lr': 0.009443210114329517, 'weight_decay': 9.056783060974123e-07, 'gcn_out_channels': 32}
[2025-05-01 13:47:58,181][__main__][INFO] - Model:
A3TGCN(
  (model): A3TGCN2(
    (_base_tgcn): TGCN2(
      (conv_z): GCNConv(7, 32)
      (linear_z): Linear(in_features=64, out_features=32, bias=True)
      (conv_r): GCNConv(7, 32)
      (linear_r): Linear(in_features=64, out_features=32, bias=True)
      (conv_h): GCNConv(7, 32)
      (linear_h): Linear(in_features=64, out_features=32, bias=True)
    )
  )
  (output_layer): Linear(in_features=32, out_features=24, bias=True)
)
[2025-05-01 13:47:58,181][__main__][INFO] - Starting training for A3TGCN_all_vars...
[2025-05-01 13:47:58,194][__main__][INFO] - Training with learning_rate=0.009443210114329517, weight_decay=9.056783060974123e-07
[2025-05-01 13:54:01,584][__main__][INFO] - Training history saved to /home/nick/bachelor-project/third-copy/comparison_results/multirun/2025-05-01_13-47-56/0_data=all_vars,model=a3tgcn,optuna.enabled=False,training.n_epochs=500/training_history.json
[2025-05-01 13:54:01,941][__main__][INFO] - Training history plot created for A3TGCN_all_vars
[2025-05-01 13:54:01,942][__main__][INFO] - Starting evaluation for A3TGCN_all_vars...
[2025-05-01 13:54:05,175][__main__][INFO] - Test Loss for A3TGCN_all_vars: 0.0034
[2025-05-01 13:54:05,175][__main__][INFO] - Test metrics for A3TGCN_all_vars - MSE: 0.0034, RMSE: 0.0584, MAE: 0.0437
[2025-05-01 13:54:05,176][__main__][INFO] - Successfully denormalized predictions and targets
[2025-05-01 13:54:07,024][__main__][INFO] - Prediction plots and detailed metrics created with per-city RMSE
[2025-05-01 13:54:07,029][__main__][INFO] - Final model saved to /home/nick/bachelor-project/third-copy/comparison_results/multirun/2025-05-01_13-47-56/0_data=all_vars,model=a3tgcn,optuna.enabled=False,training.n_epochs=500/final_model.pt
