[2025-04-29 13:45:31,051][__main__][INFO] - Hydra output directory: /home/nick/bachelor-project/third-copy/comparison_results/multirun/2025-04-29_13-45-30/0_data=all_vars,model=spatial_only_gcn,optuna.enabled=True,training.n_epochs=10
[2025-04-29 13:45:31,053][__main__][INFO] - Configuration:
data:
  only_no2: false
  num_vars: 7
  cache_file: no2_dataset_cache.pkl
  force_reload: false
  sample_size: 1.0
  shuffle: true
  ratio:
  - 0.7
  - 0.15
  - 0.15
model:
  _target_: src.graph_modelling.models.spatialonlygnn.SpatialOnlyGCN
  K: 1
  hidden_channels: 32
seed: 34
base_dir: .
results_subdir: comparison_results
training:
  n_lags: 72
  n_horizon: 24
  batch_size: 16
  n_step: 24
  n_epochs: 10
  patience: 5
optuna:
  enabled: true
  study_name: no2_model_optimization
  storage: sqlite:///no2_models_optuna.db
  n_trials: 50
  timeout: 72000
  direction: minimize
paths:
  model_save_name: final_model.pt
  history_save_name: training_history.json
  metrics_save_name: test_metrics.json
  tensorboard_subdir: tensorboard_logs
  plot_subdir: plots
  optuna_subdir: optuna_results

[2025-04-29 13:45:31,055][__main__][INFO] - Using device: cuda
[2025-04-29 13:45:31,055][__main__][INFO] - Initializing dataset loader...
[2025-04-29 13:45:31,066][__main__][INFO] - Loading dataset with lags=72, horizon=24...
[2025-04-29 13:45:31,068][__main__][INFO] - Train batches: 39, Val batches: 9, Test batches: 9
[2025-04-29 13:45:31,068][__main__][INFO] - Initializing model: SpatialOnlyGCN with all_vars data
[2025-04-29 13:45:31,069][__main__][INFO] - Starting Optuna hyperparameter optimization for SpatialOnlyGCN_all_vars
[2025-04-29 13:45:31,321][src.graph_modelling.training.optuna_utils][INFO] - Study 'no2_model_optimization_SpatialOnlyGCN_all_vars' is ready. Storage: sqlite:///no2_models_optuna.db
[2025-04-29 13:45:31,322][__main__][INFO] - Running 50 trials for SpatialOnlyGCN_all_vars
[2025-04-29 13:45:31,391][src.graph_modelling.training.optuna_utils][INFO] - Trial 2: {'lr': 0.005611282623562084, 'weight_decay': 3.880398651757913e-08}
[2025-04-29 13:45:34,235][src.graph_modelling.training.optuna_utils][INFO] - Trial 3: {'lr': 0.0025557335665977697, 'weight_decay': 1.1069417500228222e-05}
[2025-04-29 13:45:36,472][src.graph_modelling.training.optuna_utils][INFO] - Trial 4: {'lr': 1.6158053538805113e-05, 'weight_decay': 1.3123805692034957e-05}
[2025-04-29 13:45:38,758][src.graph_modelling.training.optuna_utils][INFO] - Trial 5: {'lr': 1.9436913574351004e-05, 'weight_decay': 7.427677264680649e-07}
[2025-04-29 13:45:41,332][src.graph_modelling.training.optuna_utils][INFO] - Trial 6: {'lr': 2.0961960893274916e-05, 'weight_decay': 9.600823645142257e-08}
[2025-04-29 13:45:44,084][src.graph_modelling.training.optuna_utils][INFO] - Trial 7: {'lr': 0.0011885574067745537, 'weight_decay': 0.0001681231473040658}
[2025-04-29 13:45:47,109][src.graph_modelling.training.optuna_utils][INFO] - Trial 8: {'lr': 0.00019380023272721765, 'weight_decay': 7.080855112795777e-08}
[2025-04-29 13:45:50,099][src.graph_modelling.training.optuna_utils][INFO] - Trial 9: {'lr': 3.028870735707427e-05, 'weight_decay': 1.9318283924028178e-08}
[2025-04-29 13:45:51,521][src.graph_modelling.training.optuna_utils][ERROR] - Error in trial 9: 
[2025-04-29 13:45:51,563][src.graph_modelling.training.optuna_utils][INFO] - Trial 10: {'lr': 1.0619214390130107e-05, 'weight_decay': 1.3300248943769316e-06}
[2025-04-29 13:45:53,072][src.graph_modelling.training.optuna_utils][ERROR] - Error in trial 10: 
[2025-04-29 13:45:53,113][src.graph_modelling.training.optuna_utils][INFO] - Trial 11: {'lr': 5.435244308237378e-06, 'weight_decay': 0.0005271666312641782}
[2025-04-29 13:45:54,593][src.graph_modelling.training.optuna_utils][ERROR] - Error in trial 11: 
[2025-04-29 13:45:54,683][src.graph_modelling.training.optuna_utils][INFO] - Trial 12: {'lr': 0.008857278392213843, 'weight_decay': 2.425707616626549e-05}
[2025-04-29 13:45:57,659][src.graph_modelling.training.optuna_utils][INFO] - Trial 13: {'lr': 0.007637966842419069, 'weight_decay': 2.667233879865665e-05}
[2025-04-29 13:46:00,558][src.graph_modelling.training.optuna_utils][INFO] - Trial 14: {'lr': 0.0010250163595949908, 'weight_decay': 2.2477215824857784e-05}
[2025-04-29 13:46:02,022][src.graph_modelling.training.optuna_utils][ERROR] - Error in trial 14: 
[2025-04-29 13:46:02,069][src.graph_modelling.training.optuna_utils][INFO] - Trial 15: {'lr': 0.0014733910078245274, 'weight_decay': 5.539135433970494e-06}
[2025-04-29 13:46:04,137][src.graph_modelling.training.optuna_utils][ERROR] - Error in trial 15: 
[2025-04-29 13:46:04,189][src.graph_modelling.training.optuna_utils][INFO] - Trial 16: {'lr': 0.0002486590606403403, 'weight_decay': 0.0001657633010502459}
[2025-04-29 13:46:05,696][src.graph_modelling.training.optuna_utils][ERROR] - Error in trial 16: 
[2025-04-29 13:46:05,743][src.graph_modelling.training.optuna_utils][INFO] - Trial 17: {'lr': 1.6506312277622939e-06, 'weight_decay': 7.715165603413997e-05}
[2025-04-29 13:46:07,178][src.graph_modelling.training.optuna_utils][ERROR] - Error in trial 17: 
[2025-04-29 13:46:07,225][src.graph_modelling.training.optuna_utils][INFO] - Trial 18: {'lr': 0.002954730430231633, 'weight_decay': 3.9674871277026295e-07}
[2025-04-29 13:46:10,126][src.graph_modelling.training.optuna_utils][INFO] - Trial 19: {'lr': 0.0025361411875157148, 'weight_decay': 3.802704249030385e-07}
[2025-04-29 13:46:13,141][src.graph_modelling.training.optuna_utils][INFO] - Trial 20: {'lr': 0.0004437681738081366, 'weight_decay': 1.8610574511765483e-06}
[2025-04-29 13:46:14,610][src.graph_modelling.training.optuna_utils][ERROR] - Error in trial 20: 
[2025-04-29 13:46:14,661][src.graph_modelling.training.optuna_utils][INFO] - Trial 21: {'lr': 7.28412989139797e-05, 'weight_decay': 2.4533994604110695e-07}
[2025-04-29 13:46:16,135][src.graph_modelling.training.optuna_utils][ERROR] - Error in trial 21: 
[2025-04-29 13:46:16,184][src.graph_modelling.training.optuna_utils][INFO] - Trial 22: {'lr': 0.003159534997307504, 'weight_decay': 3.936128605213509e-06}
[2025-04-29 13:46:19,448][src.graph_modelling.training.optuna_utils][INFO] - Trial 23: {'lr': 0.004750160366362433, 'weight_decay': 8.0150420397371e-06}
[2025-04-29 13:46:22,482][src.graph_modelling.training.optuna_utils][INFO] - Trial 24: {'lr': 0.0004968016992449465, 'weight_decay': 6.399132960403448e-06}
[2025-04-29 13:46:23,949][src.graph_modelling.training.optuna_utils][ERROR] - Error in trial 24: 
[2025-04-29 13:46:24,001][src.graph_modelling.training.optuna_utils][INFO] - Trial 25: {'lr': 0.003280206539725235, 'weight_decay': 2.5819228371059826e-07}
[2025-04-29 13:46:27,044][src.graph_modelling.training.optuna_utils][INFO] - Trial 26: {'lr': 0.002214065022519722, 'weight_decay': 2.3765525650092549e-07}
[2025-04-29 13:46:29,029][src.graph_modelling.training.optuna_utils][ERROR] - Error in trial 26: 
[2025-04-29 13:46:29,082][src.graph_modelling.training.optuna_utils][INFO] - Trial 27: {'lr': 0.0006276463581311938, 'weight_decay': 1.1415429264652492e-08}
[2025-04-29 13:46:30,558][src.graph_modelling.training.optuna_utils][ERROR] - Error in trial 27: 
[2025-04-29 13:46:30,612][src.graph_modelling.training.optuna_utils][INFO] - Trial 28: {'lr': 6.93995371413051e-05, 'weight_decay': 8.325211501193791e-07}
[2025-04-29 13:46:32,089][src.graph_modelling.training.optuna_utils][ERROR] - Error in trial 28: 
[2025-04-29 13:46:32,142][src.graph_modelling.training.optuna_utils][INFO] - Trial 29: {'lr': 0.00022386184199226224, 'weight_decay': 2.369867405187737e-06}
[2025-04-29 13:46:33,625][src.graph_modelling.training.optuna_utils][ERROR] - Error in trial 29: 
[2025-04-29 13:46:33,675][src.graph_modelling.training.optuna_utils][INFO] - Trial 30: {'lr': 0.0038842884158497796, 'weight_decay': 1.1343167630920404e-07}
[2025-04-29 13:46:35,766][src.graph_modelling.training.optuna_utils][ERROR] - Error in trial 30: 
[2025-04-29 13:46:35,814][src.graph_modelling.training.optuna_utils][INFO] - Trial 31: {'lr': 0.009033320683430691, 'weight_decay': 4.240201747663631e-08}
[2025-04-29 13:46:37,307][src.graph_modelling.training.optuna_utils][ERROR] - Error in trial 31: 
[2025-04-29 13:46:37,356][src.graph_modelling.training.optuna_utils][INFO] - Trial 32: {'lr': 0.001573773704143284, 'weight_decay': 4.951548468347312e-07}
[2025-04-29 13:46:38,810][src.graph_modelling.training.optuna_utils][ERROR] - Error in trial 32: 
[2025-04-29 13:46:38,861][src.graph_modelling.training.optuna_utils][INFO] - Trial 33: {'lr': 0.004424323836041707, 'weight_decay': 1.121956104312324e-05}
[2025-04-29 13:46:40,283][src.graph_modelling.training.optuna_utils][ERROR] - Error in trial 33: 
[2025-04-29 13:46:40,331][src.graph_modelling.training.optuna_utils][INFO] - Trial 34: {'lr': 0.004944277833004043, 'weight_decay': 4.31982038365904e-05}
[2025-04-29 13:46:43,471][src.graph_modelling.training.optuna_utils][INFO] - Trial 35: {'lr': 0.0009172554174915723, 'weight_decay': 5.779699697890333e-05}
[2025-04-29 13:46:44,949][src.graph_modelling.training.optuna_utils][ERROR] - Error in trial 35: 
[2025-04-29 13:46:45,001][src.graph_modelling.training.optuna_utils][INFO] - Trial 36: {'lr': 0.0018776696500284267, 'weight_decay': 0.0007833893746434252}
[2025-04-29 13:46:46,588][src.graph_modelling.training.optuna_utils][ERROR] - Error in trial 36: 
[2025-04-29 13:46:46,643][src.graph_modelling.training.optuna_utils][INFO] - Trial 37: {'lr': 0.006306799219962069, 'weight_decay': 1.751341195886132e-07}
[2025-04-29 13:46:48,678][src.graph_modelling.training.optuna_utils][ERROR] - Error in trial 37: 
[2025-04-29 13:46:48,723][src.graph_modelling.training.optuna_utils][INFO] - Trial 38: {'lr': 0.0031679647951221167, 'weight_decay': 1.0718265163477995e-06}
[2025-04-29 13:46:50,607][src.graph_modelling.training.optuna_utils][ERROR] - Error in trial 38: 
[2025-04-29 13:46:50,655][src.graph_modelling.training.optuna_utils][INFO] - Trial 39: {'lr': 0.0007665486423424074, 'weight_decay': 5.233711437875327e-05}
[2025-04-29 13:46:51,987][src.graph_modelling.training.optuna_utils][ERROR] - Error in trial 39: 
[2025-04-29 13:46:52,031][src.graph_modelling.training.optuna_utils][INFO] - Trial 40: {'lr': 0.00033356031767048307, 'weight_decay': 0.00021653567877235387}
[2025-04-29 13:46:53,471][src.graph_modelling.training.optuna_utils][ERROR] - Error in trial 40: 
[2025-04-29 13:46:53,524][src.graph_modelling.training.optuna_utils][INFO] - Trial 41: {'lr': 0.005263203148978722, 'weight_decay': 3.28252385260434e-06}
[2025-04-29 13:46:56,592][src.graph_modelling.training.optuna_utils][INFO] - Trial 42: {'lr': 0.00993661020712149, 'weight_decay': 2.7779122553911534e-08}
[2025-04-29 13:46:59,385][src.graph_modelling.training.optuna_utils][INFO] - Trial 42: Early stopping at epoch 9
[2025-04-29 13:46:59,497][src.graph_modelling.training.optuna_utils][INFO] - Trial 43: {'lr': 0.005125114416255259, 'weight_decay': 1.3587414241545134e-05}
[2025-04-29 13:47:02,505][src.graph_modelling.training.optuna_utils][INFO] - Trial 44: {'lr': 0.0024424245568643505, 'weight_decay': 9.447855304170653e-06}
[2025-04-29 13:47:04,188][src.graph_modelling.training.optuna_utils][ERROR] - Error in trial 44: 
[2025-04-29 13:47:04,239][src.graph_modelling.training.optuna_utils][INFO] - Trial 45: {'lr': 0.0013884427787273113, 'weight_decay': 3.962777055021826e-05}
[2025-04-29 13:47:05,723][src.graph_modelling.training.optuna_utils][ERROR] - Error in trial 45: 
[2025-04-29 13:47:05,771][src.graph_modelling.training.optuna_utils][INFO] - Trial 46: {'lr': 0.003933308134798296, 'weight_decay': 6.357883957373312e-08}
[2025-04-29 13:47:08,782][src.graph_modelling.training.optuna_utils][INFO] - Trial 47: {'lr': 0.0010879264000303933, 'weight_decay': 5.0560762515895557e-08}
[2025-04-29 13:47:10,661][src.graph_modelling.training.optuna_utils][ERROR] - Error in trial 47: 
[2025-04-29 13:47:10,716][src.graph_modelling.training.optuna_utils][INFO] - Trial 48: {'lr': 0.0033995961133957, 'weight_decay': 9.480056080816195e-08}
[2025-04-29 13:47:12,620][src.graph_modelling.training.optuna_utils][ERROR] - Error in trial 48: 
[2025-04-29 13:47:12,689][src.graph_modelling.training.optuna_utils][INFO] - Trial 49: {'lr': 0.00011103992190132903, 'weight_decay': 0.0001058264119036613}
[2025-04-29 13:47:14,206][src.graph_modelling.training.optuna_utils][ERROR] - Error in trial 49: 
[2025-04-29 13:47:14,256][src.graph_modelling.training.optuna_utils][INFO] - Trial 50: {'lr': 0.006774239745551659, 'weight_decay': 1.720541193400379e-07}
[2025-04-29 13:47:16,016][src.graph_modelling.training.optuna_utils][ERROR] - Error in trial 50: 
[2025-04-29 13:47:16,068][src.graph_modelling.training.optuna_utils][INFO] - Trial 51: {'lr': 0.0022335629296935293, 'weight_decay': 5.190687139118156e-07}
[2025-04-29 13:47:17,529][src.graph_modelling.training.optuna_utils][ERROR] - Error in trial 51: 
[2025-04-29 13:47:17,801][src.graph_modelling.training.optuna_utils][INFO] - Saved optimization results for SpatialOnlyGCN_all_vars to /home/nick/bachelor-project/third-copy/comparison_results/multirun/2025-04-29_13-45-30/0_data=all_vars,model=spatial_only_gcn,optuna.enabled=True,training.n_epochs=10/optuna_results
[2025-04-29 13:47:17,801][__main__][INFO] - Best params for SpatialOnlyGCN_all_vars: {'model_name': 'SpatialOnlyGCN_all_vars', 'best_params': {'lr': 0.003933308134798296, 'weight_decay': 6.357883957373312e-08}, 'best_value': 0.003643372846353385, 'best_trial_number': 46, 'n_trials': 52}
[2025-04-29 13:47:17,807][__main__][INFO] - Using best parameters from Optuna for final model training
[2025-04-29 13:47:17,812][__main__][INFO] - Model:
SpatialOnlyGCN(
  (gcn1): ChebConv(7, 32, K=1, normalization=sym)
  (gcn2): ChebConv(32, 32, K=1, normalization=sym)
  (output_layer): Linear(in_features=32, out_features=24, bias=True)
)
[2025-04-29 13:47:17,812][__main__][INFO] - Starting training for SpatialOnlyGCN_all_vars...
[2025-04-29 13:47:21,187][__main__][INFO] - Training history saved to /home/nick/bachelor-project/third-copy/comparison_results/multirun/2025-04-29_13-45-30/0_data=all_vars,model=spatial_only_gcn,optuna.enabled=True,training.n_epochs=10/training_history.json
[2025-04-29 13:47:21,562][__main__][INFO] - Training history plot created for SpatialOnlyGCN_all_vars
[2025-04-29 13:47:21,563][__main__][INFO] - Starting evaluation for SpatialOnlyGCN_all_vars...
[2025-04-29 13:47:21,714][__main__][INFO] - Test Loss for SpatialOnlyGCN_all_vars: 0.0287
[2025-04-29 13:47:21,714][__main__][INFO] - Test metrics for SpatialOnlyGCN_all_vars - MSE: 0.0287, RMSE: 0.1694, MAE: 0.1389
[2025-04-29 13:47:21,714][__main__][INFO] - Successfully denormalized predictions and targets
[2025-04-29 13:47:23,062][__main__][INFO] - Prediction plots and detailed metrics created with per-city RMSE
[2025-04-29 13:47:23,064][__main__][INFO] - Final model saved to /home/nick/bachelor-project/third-copy/comparison_results/multirun/2025-04-29_13-45-30/0_data=all_vars,model=spatial_only_gcn,optuna.enabled=True,training.n_epochs=10/final_model.pt
