[2025-04-29 13:52:50,030][__main__][INFO] - Hydra output directory: /home/nick/bachelor-project/third-copy/comparison_results/multirun/2025-04-29_13-52-49/0_data=all_vars,model=astgcn_like,optuna.enabled=True,training.n_epochs=10
[2025-04-29 13:52:50,032][__main__][INFO] - Configuration:
data:
  only_no2: false
  num_vars: 7
  cache_file: no2_dataset_cache.pkl
  force_reload: false
  sample_size: 1.0
  shuffle: true
  ratio:
  - 0.7
  - 0.15
  - 0.15
model:
  _target_: src.graph_modelling.models.astgcn.ASTGCN_Like
  block_channels: 32
  gru_channels: 32
  K: 1
  num_blocks: 2
seed: 34
base_dir: .
results_subdir: comparison_results
training:
  n_lags: 72
  n_horizon: 24
  batch_size: 16
  n_step: 24
  n_epochs: 10
  patience: 5
optuna:
  enabled: true
  study_name: no2_model_optimization
  storage: sqlite:///no2_models_optuna.db
  n_trials: 50
  timeout: 72000
  direction: minimize
paths:
  model_save_name: final_model.pt
  history_save_name: training_history.json
  metrics_save_name: test_metrics.json
  tensorboard_subdir: tensorboard_logs
  plot_subdir: plots
  optuna_subdir: optuna_results

[2025-04-29 13:52:50,034][__main__][INFO] - Using device: cuda
[2025-04-29 13:52:50,034][__main__][INFO] - Initializing dataset loader...
[2025-04-29 13:52:50,045][__main__][INFO] - Loading dataset with lags=72, horizon=24...
[2025-04-29 13:52:50,048][__main__][INFO] - Train batches: 39, Val batches: 9, Test batches: 9
[2025-04-29 13:52:50,048][__main__][INFO] - Initializing model: ASTGCN_Like with all_vars data
[2025-04-29 13:52:50,049][__main__][INFO] - Starting Optuna hyperparameter optimization for ASTGCN_Like_all_vars
[2025-04-29 13:52:50,323][src.graph_modelling.training.optuna_utils][INFO] - Study 'no2_model_optimization_ASTGCN_Like_all_vars' is ready. Storage: sqlite:///no2_models_optuna.db
[2025-04-29 13:52:50,324][__main__][INFO] - Running 50 trials for ASTGCN_Like_all_vars
[2025-04-29 13:52:50,381][src.graph_modelling.training.optuna_utils][INFO] - Trial 0: {'lr': 0.00010331608099122295, 'weight_decay': 2.2211251359967733e-05, 'block_channels': 48, 'gru_channels': 64, 'K': 1}
