[2025-05-02 23:40:43,921][__main__][INFO] - Hydra output directory: /home/nick/bachelor-project/third-copy/comparison_results/2025-05-02/23-40-43
[2025-05-02 23:40:43,923][__main__][INFO] - Configuration:
data:
  only_no2: false
  num_vars: 7
  cache_file: no2_dataset_cache.pkl
  force_reload: false
  sample_size: 1.0
  shuffle: true
  ratio:
  - 0.7
  - 0.15
  - 0.15
  smooth_data: false
  smooth_window: 12
  use_time_split: true
  split_dates:
  - '2021-12-31'
  - '2022-12-31'
model:
  _target_: src.graph_modelling.models.spatialonlygnn.SpatialOnlyGCN
  K: 1
  hidden_channels: 16
  num_layers: 1
seed: 34
base_dir: .
results_subdir: comparison_results
training:
  n_lags: 72
  n_horizon: 24
  batch_size: 16
  n_step: 6
  n_epochs: 1000
  patience: 15
track_energy: true
optuna:
  enabled: false
  study_name: no2_model_optimization
  storage: sqlite:///no2_models_optuna_4hrs.db
  n_trials: 100
  timeout: 21600
  direction: minimize
paths:
  model_save_name: final_model.pt
  history_save_name: training_history.json
  metrics_save_name: test_metrics.json
  tensorboard_subdir: tensorboard_logs
  plot_subdir: plots
  optuna_subdir: optuna_results

[2025-05-02 23:40:43,925][__main__][INFO] - Random seed set to 34
[2025-05-02 23:40:43,925][__main__][INFO] - Using device: cuda
[2025-05-02 23:40:43,926][__main__][INFO] - Initializing dataset loader...
[2025-05-02 23:40:43,936][__main__][INFO] - Loading dataset with lags=72, horizon=24...
[2025-05-02 23:40:43,936][__main__][INFO] - Using time-based split with dates: ('2021-12-31', '2022-12-31')
[2025-05-02 23:40:43,941][__main__][INFO] - Train batches: 152, Val batches: 38, Test batches: 31
[2025-05-02 23:40:43,941][__main__][INFO] - Initializing model: SpatialOnlyGCN with all_vars data
[2025-05-02 23:40:44,215][__main__][INFO] - Model:
SpatialOnlyGCN(
  (conv_layers): ModuleList(
    (0): ChebConv(7, 16, K=1, normalization=sym)
  )
  (output_layer): Linear(in_features=16, out_features=24, bias=True)
)
[2025-05-02 23:40:44,216][__main__][INFO] - Starting training for SpatialOnlyGCN_all_vars...
[2025-05-02 23:41:45,700][__main__][INFO] - Training history plot created for SpatialOnlyGCN_all_vars
[2025-05-02 23:41:45,701][__main__][INFO] - Starting evaluation for SpatialOnlyGCN_all_vars...
[2025-05-02 23:41:51,569][__main__][INFO] - Test Loss for SpatialOnlyGCN_all_vars: 0.0264
[2025-05-02 23:41:51,569][__main__][INFO] - Test metrics for SpatialOnlyGCN_all_vars - MSE: 0.0264, RMSE: 0.1624, MAE: 0.1279
[2025-05-02 23:41:51,570][__main__][INFO] - Successfully denormalized predictions and targets
[2025-05-02 23:41:53,119][__main__][INFO] - Prediction plots and detailed metrics created with per-city RMSE
[2025-05-02 23:41:53,124][__main__][INFO] - Final model saved to /home/nick/bachelor-project/third-copy/comparison_results/2025-05-02/23-40-43/final_model.pt
