[2025-04-28 21:23:59,753][__main__][INFO] - Hydra output directory: /home4/s5185491/third-copy/comparison_results/multirun/2025-04-28_21-23-35/1_data=all_vars,model=temporal_only_gru
[2025-04-28 21:23:59,755][__main__][INFO] - Configuration:
data:
  only_no2: false
  num_vars: 7
  cache_file: no2_dataset_cache.pkl
  force_reload: false
  sample_size: 1.0
  shuffle: true
  ratio:
  - 0.7
  - 0.15
  - 0.15
model:
  _target_: src.graph_modelling.models.temporalonlygnn.TemporalOnlyGRU
  hidden_channels: 32
seed: 34
base_dir: .
results_subdir: comparison_results
training:
  n_lags: 72
  n_horizon: 24
  batch_size: 16
  n_step: 24
  n_epochs: 150
  patience: 5
paths:
  model_save_name: final_model.pt
  history_save_name: training_history.json
  metrics_save_name: test_metrics.json
  tensorboard_subdir: tensorboard_logs
  plot_subdir: plots

[2025-04-28 21:23:59,756][__main__][INFO] - Using device: cuda
[2025-04-28 21:23:59,756][__main__][INFO] - Initializing dataset loader...
[2025-04-28 21:23:59,771][__main__][INFO] - Loading dataset with lags=72, horizon=24...
[2025-04-28 21:23:59,775][__main__][INFO] - Train batches: 39, Val batches: 9, Test batches: 9
[2025-04-28 21:23:59,775][__main__][INFO] - Initializing model: TemporalOnlyGRU with all_vars data
[2025-04-28 21:23:59,866][__main__][INFO] - Model:
TemporalOnlyGRU(
  (gru): GRU(13, 32, batch_first=True)
  (output_layer): Linear(in_features=32, out_features=24, bias=True)
)
[2025-04-28 21:23:59,867][__main__][INFO] - Starting training for TemporalOnlyGRU_all_vars...
[2025-04-28 21:24:13,750][__main__][INFO] - Training history saved to /home4/s5185491/third-copy/comparison_results/multirun/2025-04-28_21-23-35/1_data=all_vars,model=temporal_only_gru/training_history.json
[2025-04-28 21:24:14,108][__main__][INFO] - Training history plot created for TemporalOnlyGRU_all_vars
[2025-04-28 21:24:14,108][__main__][INFO] - Starting evaluation for TemporalOnlyGRU_all_vars...
[2025-04-28 21:24:14,405][__main__][INFO] - Test Loss for TemporalOnlyGRU_all_vars: 0.0048
[2025-04-28 21:24:14,405][__main__][INFO] - Test metrics for TemporalOnlyGRU_all_vars - MSE: 0.0048, RMSE: 0.0696, MAE: 0.0563
[2025-04-28 21:24:14,410][__main__][INFO] - Test metrics saved to /home4/s5185491/third-copy/comparison_results/multirun/2025-04-28_21-23-35/1_data=all_vars,model=temporal_only_gru/test_metrics.json
[2025-04-28 21:24:14,410][__main__][INFO] - Successfully denormalized predictions and targets
[2025-04-28 21:24:15,728][__main__][INFO] - Prediction plots and detailed metrics created with per-city RMSE
[2025-04-28 21:24:15,733][__main__][INFO] - Final model saved to /home4/s5185491/third-copy/comparison_results/multirun/2025-04-28_21-23-35/1_data=all_vars,model=temporal_only_gru/final_model.pt
