[2025-05-03 21:21:15,121][__main__][INFO] - Hydra output directory: /home/nick/bachelor-project/third-copy/comparison_results/2025-05-03/21-21-15
[2025-05-03 21:21:15,123][__main__][INFO] - Configuration:
data:
  only_no2: false
  num_vars: 7
  cache_file: no2_dataset_cache.pkl
  force_reload: false
  sample_size: 1.0
  shuffle: true
  ratio:
  - 0.7
  - 0.15
  - 0.15
  smooth_data: false
  smooth_window: 12
  use_time_split: true
  split_dates:
  - '2021-12-31'
  - '2022-12-31'
model:
  _target_: src.graph_modelling.models.astgcn_like.ASTGCN_Like
  block_channels: 32
  gru_channels: 32
  K: 1
  num_blocks: 2
  d_k: 32
seed: 34
base_dir: .
results_subdir: comparison_results
training:
  n_lags: 72
  n_horizon: 24
  batch_size: 16
  n_step: 24
  n_epochs: 1000
  patience: 10
  skip_training: false
  load_model_path: /home/nick/bachelor-project/third-copy/comparison_results/2025-05-03/17-13-58/chebconvgru.pt
track_energy: true
optuna:
  enabled: false
  study_name: no2_model_optimization
  storage: sqlite:///no2_models_optuna_4hrs.db
  n_trials: 100
  timeout: 21600
  direction: minimize
paths:
  model_save_name: final_model.pt
  history_save_name: training_history.json
  metrics_save_name: test_metrics.json
  tensorboard_subdir: tensorboard_logs
  plot_subdir: plots
  optuna_subdir: optuna_results

[2025-05-03 21:21:15,125][__main__][INFO] - Random seed set to 34
[2025-05-03 21:21:15,125][__main__][INFO] - Using device: cuda
[2025-05-03 21:21:15,125][__main__][INFO] - Initializing dataset loader...
[2025-05-03 21:21:15,135][__main__][INFO] - Loading dataset with lags=72, horizon=24...
[2025-05-03 21:21:15,139][__main__][INFO] - Train batches: 43, Val batches: 7, Test batches: 7
[2025-05-03 21:21:15,139][__main__][INFO] - Initializing model: ASTGCN_Like with all_vars data
[2025-05-03 21:21:15,413][__main__][INFO] - Model:
ASTGCN_Like(
  (input_embedding): Linear(in_features=7, out_features=32, bias=True)
  (blocks): ModuleList(
    (0-1): 2 x SpatioTemporalBlock(
      (spatial_attn): SpatialAttentionLayer(
        (W_q): Linear(in_features=32, out_features=16, bias=True)
        (W_k): Linear(in_features=32, out_features=16, bias=True)
        (W_v): Linear(in_features=32, out_features=32, bias=True)
      )
      (graph_conv): ChebConv(32, 32, K=1, normalization=sym)
      (temporal_attn): TemporalAttentionLayer(
        (W_q): Linear(in_features=32, out_features=16, bias=True)
        (W_k): Linear(in_features=32, out_features=16, bias=True)
        (W_v): Linear(in_features=32, out_features=32, bias=True)
      )
      (temporal_gru): GRU(32, 32, batch_first=True)
      (layer_norm1): LayerNorm((3, 32), eps=1e-05, elementwise_affine=True)
      (layer_norm2): LayerNorm((3, 32), eps=1e-05, elementwise_affine=True)
    )
  )
  (final_conv1): Conv2d(32, 128, kernel_size=(1, 1), stride=(1, 1))
  (final_conv2): Conv2d(128, 24, kernel_size=(1, 1), stride=(1, 1))
)
[2025-05-03 21:21:15,414][__main__][INFO] - Starting training for ASTGCN_Like_all_vars...
[2025-05-03 21:57:06,072][__main__][INFO] - Training history plot created for ASTGCN_Like_all_vars
[2025-05-03 21:57:06,074][__main__][INFO] - Starting evaluation for ASTGCN_Like_all_vars...
[2025-05-03 21:57:13,986][__main__][INFO] - Test Loss for ASTGCN_Like_all_vars: 0.0081
[2025-05-03 21:57:13,986][__main__][INFO] - Test metrics for ASTGCN_Like_all_vars - MSE: 0.0081, RMSE: 0.0899, MAE: 0.0629
[2025-05-03 21:57:13,986][__main__][INFO] - Successfully denormalized predictions and targets
[2025-05-03 21:57:16,247][__main__][INFO] - Prediction plots and detailed metrics created with per-city RMSE
[2025-05-03 21:57:16,257][__main__][INFO] - Final model saved to /home/nick/bachelor-project/third-copy/comparison_results/2025-05-03/21-21-15/final_model.pt
