[2025-04-30 13:17:19,270][__main__][INFO] - Hydra output directory: /home/nick/bachelor-project/third-copy/comparison_results/multirun/2025-04-30_13-17-19/0_data=all_vars,model=astgcn_like
[2025-04-30 13:17:19,272][__main__][INFO] - Configuration:
data:
  only_no2: false
  num_vars: 7
  cache_file: no2_dataset_cache.pkl
  force_reload: false
  sample_size: 1.0
  shuffle: true
  ratio:
  - 0.7
  - 0.15
  - 0.15
  smooth_data: false
  smooth_window: 5
model:
  _target_: src.graph_modelling.models.astgcn.ASTGCN_Like
  block_channels: 32
  gru_channels: 32
  K: 1
  num_blocks: 2
  d_k: 32
seed: 34
base_dir: .
results_subdir: comparison_results
training:
  n_lags: 72
  n_horizon: 24
  batch_size: 16
  n_step: 24
  n_epochs: 200
  patience: 5
track_energy: true
optuna:
  enabled: false
  study_name: no2_model_optimization
  storage: sqlite:///no2_models_optuna.db
  n_trials: 50
  timeout: 72000
  direction: minimize
paths:
  model_save_name: final_model.pt
  history_save_name: training_history.json
  metrics_save_name: test_metrics.json
  tensorboard_subdir: tensorboard_logs
  plot_subdir: plots
  optuna_subdir: optuna_results

[2025-04-30 13:17:19,273][__main__][INFO] - Using device: cuda
[2025-04-30 13:17:19,273][__main__][INFO] - Initializing dataset loader...
[2025-04-30 13:17:19,284][__main__][INFO] - Loading dataset with lags=72, horizon=24...
[2025-04-30 13:17:19,287][__main__][INFO] - Train batches: 39, Val batches: 9, Test batches: 9
[2025-04-30 13:17:19,287][__main__][INFO] - Initializing model: ASTGCN_Like with all_vars data
[2025-04-30 13:17:19,584][__main__][INFO] - Model:
ASTGCN_Like(
  (input_embedding): Linear(in_features=7, out_features=32, bias=True)
  (blocks): ModuleList(
    (0-1): 2 x SpatioTemporalBlock(
      (spatial_attn): SpatialAttentionLayer(
        (W_q): Linear(in_features=32, out_features=16, bias=True)
        (W_k): Linear(in_features=32, out_features=16, bias=True)
        (W_v): Linear(in_features=32, out_features=32, bias=True)
      )
      (graph_conv): ChebConv(32, 32, K=1, normalization=sym)
      (temporal_attn): TemporalAttentionLayer(
        (W_q): Linear(in_features=32, out_features=16, bias=True)
        (W_k): Linear(in_features=32, out_features=16, bias=True)
        (W_v): Linear(in_features=32, out_features=32, bias=True)
      )
      (temporal_gru): GRU(32, 32, batch_first=True)
      (layer_norm1): LayerNorm((3, 32), eps=1e-05, elementwise_affine=True)
      (layer_norm2): LayerNorm((3, 32), eps=1e-05, elementwise_affine=True)
    )
  )
  (final_conv1): Conv2d(32, 128, kernel_size=(1, 1), stride=(1, 1))
  (final_conv2): Conv2d(128, 24, kernel_size=(1, 1), stride=(1, 1))
  (final_temporal_attn): FinalTemporalAttention(
    (W_q): Linear(in_features=24, out_features=32, bias=True)
    (W_k): Linear(in_features=24, out_features=32, bias=True)
    (W_v): Linear(in_features=24, out_features=24, bias=True)
  )
)
[2025-04-30 13:17:19,584][__main__][INFO] - Starting training for ASTGCN_Like_all_vars...
