[2025-04-29 13:24:55,096][__main__][INFO] - Hydra output directory: /home/nick/bachelor-project/third-copy/comparison_results/multirun/2025-04-29_13-24-54/0_data=all_vars,model=spatial_only_gcn
[2025-04-29 13:24:55,097][__main__][INFO] - Configuration:
data:
  only_no2: false
  num_vars: 7
  cache_file: no2_dataset_cache.pkl
  force_reload: false
  sample_size: 1.0
  shuffle: true
  ratio:
  - 0.7
  - 0.15
  - 0.15
model:
  _target_: src.graph_modelling.models.spatialonlygnn.SpatialOnlyGCN
  K: 1
  hidden_channels: 32
seed: 34
base_dir: .
results_subdir: comparison_results
training:
  n_lags: 72
  n_horizon: 24
  batch_size: 16
  n_step: 24
  n_epochs: 150
  patience: 5
optuna:
  enabled: false
  study_name: no2_model_optimization
  storage: sqlite:///no2_models_optuna.db
  n_trials: 50
  timeout: 72000
  direction: minimize
paths:
  model_save_name: final_model.pt
  history_save_name: training_history.json
  metrics_save_name: test_metrics.json
  tensorboard_subdir: tensorboard_logs
  plot_subdir: plots
  optuna_subdir: optuna_results

[2025-04-29 13:24:55,099][__main__][INFO] - Using device: cuda
[2025-04-29 13:24:55,099][__main__][INFO] - Initializing dataset loader...
[2025-04-29 13:24:55,110][__main__][INFO] - Loading dataset with lags=72, horizon=24...
[2025-04-29 13:24:55,112][__main__][INFO] - Train batches: 39, Val batches: 9, Test batches: 9
[2025-04-29 13:24:55,112][__main__][INFO] - Initializing model: SpatialOnlyGCN with all_vars data
[2025-04-29 13:24:55,383][__main__][INFO] - Model:
SpatialOnlyGCN(
  (gcn1): ChebConv(7, 32, K=1, normalization=sym)
  (gcn2): ChebConv(32, 32, K=1, normalization=sym)
  (output_layer): Linear(in_features=32, out_features=24, bias=True)
)
[2025-04-29 13:24:55,383][__main__][INFO] - Starting training for SpatialOnlyGCN_all_vars...
[2025-04-29 13:25:04,699][__main__][WARNING] - Training interrupted by user.
[2025-04-29 13:25:04,700][__main__][INFO] - Starting evaluation for SpatialOnlyGCN_all_vars...
[2025-04-29 13:25:04,743][__main__][INFO] - Test Loss for SpatialOnlyGCN_all_vars: 0.0149
[2025-04-29 13:25:04,744][__main__][INFO] - Test metrics for SpatialOnlyGCN_all_vars - MSE: 0.0149, RMSE: 0.1219, MAE: 0.0933
[2025-04-29 13:25:04,744][__main__][INFO] - Successfully denormalized predictions and targets
[2025-04-29 13:25:04,744][__main__][WARNING] - Could not create denormalized prediction plots: BASE_DIR not set. Call set_base_dir() first.
[2025-04-29 13:25:04,746][__main__][INFO] - Final model saved to /home/nick/bachelor-project/third-copy/comparison_results/multirun/2025-04-29_13-24-54/0_data=all_vars,model=spatial_only_gcn/final_model.pt
