[2025-05-03 17:37:53,680][__main__][INFO] - Hydra output directory: /home/nick/bachelor-project/third-copy/comparison_results/2025-05-03/17-37-53
[2025-05-03 17:37:53,682][__main__][INFO] - Configuration:
data:
  only_no2: false
  num_vars: 7
  cache_file: no2_dataset_cache.pkl
  force_reload: false
  sample_size: 1.0
  shuffle: true
  ratio:
  - 0.7
  - 0.15
  - 0.15
  smooth_data: false
  smooth_window: 12
  use_time_split: true
  split_dates:
  - '2021-12-31'
  - '2022-12-31'
model:
  _target_: src.graph_modelling.models.temporalonlygnn.SimpleChebGRU
  hidden_channels: 32
  gru_layers: 1
  dropout: 0.2
seed: 34
base_dir: .
results_subdir: comparison_results
training:
  n_lags: 72
  n_horizon: 24
  batch_size: 16
  n_step: 24
  n_epochs: 1000
  patience: 15
  load_model_path: /home/nick/bachelor-project/third-copy/comparison_results/2025-05-03/17-13-58/chebconvgru.pt
track_energy: true
optuna:
  enabled: false
  study_name: no2_model_optimization
  storage: sqlite:///no2_models_optuna_4hrs.db
  n_trials: 100
  timeout: 21600
  direction: minimize
paths:
  model_save_name: final_model.pt
  history_save_name: training_history.json
  metrics_save_name: test_metrics.json
  tensorboard_subdir: tensorboard_logs
  plot_subdir: plots
  optuna_subdir: optuna_results

[2025-05-03 17:37:53,684][__main__][INFO] - Random seed set to 34
[2025-05-03 17:37:53,684][__main__][INFO] - Using device: cuda
[2025-05-03 17:37:53,684][__main__][INFO] - Initializing dataset loader...
[2025-05-03 17:37:53,693][__main__][INFO] - Loading dataset with lags=72, horizon=24...
[2025-05-03 17:37:53,697][__main__][INFO] - Train batches: 43, Val batches: 7, Test batches: 7
[2025-05-03 17:37:53,697][__main__][INFO] - Initializing model: SimpleChebGRU with all_vars data
[2025-05-03 17:37:53,698][__main__][INFO] - Setting num_vars=7 based on cfg.data.only_no2=False
[2025-05-03 17:37:53,698][__main__][INFO] - Instantiating SimpleChebGRU with parameters: {'num_nodes': 3, 'num_vars': 7, 'lags': 72, 'horizon': 24, 'hidden_channels': 32, 'gru_layers': 1, 'dropout': 0.2}
[2025-05-03 17:37:53,984][__main__][INFO] - Model:
SimpleChebGRU(
  (chebconv): GCNConv(7, 32)
  (gru): GRU(32, 32, batch_first=True)
  (output_layer): Linear(in_features=32, out_features=24, bias=True)
)
[2025-05-03 17:37:53,984][__main__][INFO] - Attempting to load pretrained model from: /home/nick/bachelor-project/third-copy/comparison_results/2025-05-03/17-13-58/chebconvgru.pt
[2025-05-03 17:37:53,987][__main__][INFO] - Successfully loaded pretrained model: /home/nick/bachelor-project/third-copy/comparison_results/2025-05-03/17-13-58/chebconvgru.pt
[2025-05-03 17:37:53,987][__main__][INFO] - Starting evaluation for SimpleChebGRU_all_vars...
[2025-05-03 17:38:00,466][__main__][INFO] - Test Loss for SimpleChebGRU_all_vars: 0.0109
