[2025-04-27 22:11:40,263][__main__][INFO] - Hydra output directory: /home/nick/bachelor-project/third-copy/comparison_results/2025-04-27/22-11-40
[2025-04-27 22:11:40,265][__main__][INFO] - Configuration:
data:
  only_no2: true
  num_vars: 1
  cache_file: no2_dataset_cache.pkl
  force_reload: false
  sample_size: 1.0
  shuffle: true
  ratio:
  - 0.7
  - 0.1
  - 0.2
model:
  _target_: src.graph_modelling.models.spatialonlygnn.SpatialOnlyGCN
  K: 2
  hidden_channels: 32
seed: 34
base_dir: .
results_subdir: comparison_results
training:
  n_lags: 72
  n_horizon: 24
  batch_size: 16
  n_step: 24
  n_epochs: 150
  patience: 10
paths:
  model_save_name: final_model.pt
  history_save_name: training_history.json
  metrics_save_name: test_metrics.json
  tensorboard_subdir: tensorboard_logs
  plot_subdir: plots

[2025-04-27 22:11:40,290][__main__][INFO] - Using device: cuda
[2025-04-27 22:11:40,290][__main__][INFO] - Initializing dataset loader...
[2025-04-27 22:11:40,312][__main__][INFO] - Loading dataset with lags=72, horizon=24...
[2025-04-27 22:11:40,316][__main__][INFO] - Train batches: 39, Val batches: 6, Test batches: 12
[2025-04-27 22:11:40,316][__main__][INFO] - Initializing model: SpatialOnlyGCN with no2_only data
[2025-04-27 22:11:40,320][__main__][ERROR] - Error instantiating model: Error in call to target 'src.graph_modelling.models.spatialonlygnn.SpatialOnlyGCN':
TypeError("SpatialOnlyGCN.__init__() got an unexpected keyword argument 'lags'")
full_key: model
