[2025-04-28 21:34:22,083][__main__][INFO] - Hydra output directory: /home4/s5185491/third-copy/comparison_results/multirun/2025-04-28_21-23-35/3_data=all_vars,model=batched_gconvgru_index
[2025-04-28 21:34:22,085][__main__][INFO] - Configuration:
data:
  only_no2: false
  num_vars: 7
  cache_file: no2_dataset_cache.pkl
  force_reload: false
  sample_size: 1.0
  shuffle: true
  ratio:
  - 0.7
  - 0.15
  - 0.15
model:
  _target_: src.graph_modelling.models.batched_gconvgru.BatchedGConvGRUIndex
  K: 1
seed: 34
base_dir: .
results_subdir: comparison_results
training:
  n_lags: 72
  n_horizon: 24
  batch_size: 16
  n_step: 24
  n_epochs: 150
  patience: 5
paths:
  model_save_name: final_model.pt
  history_save_name: training_history.json
  metrics_save_name: test_metrics.json
  tensorboard_subdir: tensorboard_logs
  plot_subdir: plots

[2025-04-28 21:34:22,085][__main__][INFO] - Using device: cuda
[2025-04-28 21:34:22,085][__main__][INFO] - Initializing dataset loader...
[2025-04-28 21:34:22,097][__main__][INFO] - Loading dataset with lags=72, horizon=24...
[2025-04-28 21:34:22,101][__main__][INFO] - Train batches: 39, Val batches: 9, Test batches: 9
[2025-04-28 21:34:22,102][__main__][INFO] - Initializing model: BatchedGConvGRUIndex with all_vars data
[2025-04-28 21:34:22,115][__main__][INFO] - Model:
BatchedGConvGRUIndex(
  (gru): BatchedGConvGRU(
    (conv_x_z): ChebConv(13, 32, K=1, normalization=sym)
    (conv_h_z): ChebConv(32, 32, K=1, normalization=sym)
    (conv_x_r): ChebConv(13, 32, K=1, normalization=sym)
    (conv_h_r): ChebConv(32, 32, K=1, normalization=sym)
    (conv_x_h): ChebConv(13, 32, K=1, normalization=sym)
    (conv_h_h): ChebConv(32, 32, K=1, normalization=sym)
  )
  (node_predict): Linear(in_features=32, out_features=24, bias=True)
)
[2025-04-28 21:34:22,115][__main__][INFO] - Starting training for BatchedGConvGRUIndex_all_vars...
[2025-04-28 22:10:45,868][__main__][INFO] - Training history saved to /home4/s5185491/third-copy/comparison_results/multirun/2025-04-28_21-23-35/3_data=all_vars,model=batched_gconvgru_index/training_history.json
[2025-04-28 22:10:46,247][__main__][INFO] - Training history plot created for BatchedGConvGRUIndex_all_vars
[2025-04-28 22:10:46,247][__main__][INFO] - Starting evaluation for BatchedGConvGRUIndex_all_vars...
[2025-04-28 22:10:48,615][__main__][INFO] - Test Loss for BatchedGConvGRUIndex_all_vars: 0.0062
[2025-04-28 22:10:48,615][__main__][INFO] - Test metrics for BatchedGConvGRUIndex_all_vars - MSE: 0.0062, RMSE: 0.0790, MAE: 0.0630
[2025-04-28 22:10:48,620][__main__][INFO] - Test metrics saved to /home4/s5185491/third-copy/comparison_results/multirun/2025-04-28_21-23-35/3_data=all_vars,model=batched_gconvgru_index/test_metrics.json
[2025-04-28 22:10:48,621][__main__][INFO] - Successfully denormalized predictions and targets
[2025-04-28 22:10:50,016][__main__][INFO] - Prediction plots and detailed metrics created with per-city RMSE
[2025-04-28 22:10:50,025][__main__][INFO] - Final model saved to /home4/s5185491/third-copy/comparison_results/multirun/2025-04-28_21-23-35/3_data=all_vars,model=batched_gconvgru_index/final_model.pt
