[2025-05-03 16:46:03,449][__main__][INFO] - Hydra output directory: /home/nick/bachelor-project/third-copy/comparison_results/2025-05-03/16-46-03
[2025-05-03 16:46:03,451][__main__][INFO] - Configuration:
data:
  only_no2: false
  num_vars: 7
  cache_file: no2_dataset_cache.pkl
  force_reload: false
  sample_size: 1.0
  shuffle: true
  ratio:
  - 0.7
  - 0.15
  - 0.15
  smooth_data: false
  smooth_window: 12
  use_time_split: true
  split_dates:
  - '2021-12-31'
  - '2022-12-31'
model:
  _target_: src.graph_modelling.models.spatialonlygnn.SpatialOnlyGCN
  K: 1
  hidden_channels: 16
  num_layers: 1
seed: 34
base_dir: .
results_subdir: comparison_results
training:
  n_lags: 72
  n_horizon: 24
  batch_size: 16
  n_step: 24
  n_epochs: 1000
  patience: 15
track_energy: true
optuna:
  enabled: false
  study_name: no2_model_optimization
  storage: sqlite:///no2_models_optuna_4hrs.db
  n_trials: 100
  timeout: 21600
  direction: minimize
paths:
  model_save_name: final_model.pt
  history_save_name: training_history.json
  metrics_save_name: test_metrics.json
  tensorboard_subdir: tensorboard_logs
  plot_subdir: plots
  optuna_subdir: optuna_results

[2025-05-03 16:46:03,453][__main__][INFO] - Random seed set to 34
[2025-05-03 16:46:03,453][__main__][INFO] - Using device: cuda
[2025-05-03 16:46:03,453][__main__][INFO] - Initializing dataset loader...
[2025-05-03 16:46:03,464][__main__][INFO] - Loading dataset with lags=72, horizon=24...
